https://jakevdp.github.io/blog/2017/12/05/installing-python-packages-from-jupyter/

pip vs. conda
First, a few words on pip vs. conda. For many users, the choice between pip and 
conda can be a confusing one. I wrote way more than you ever want to know about 
these in a post last year, but the essential difference between the two is this:

pip installs python packages in any environment.
conda installs any package in conda environments.
...
import sys
sys.executable ==>> to see python version in jupyter notebook!!!!
sys.path
================================================================================


Solution is: in anaconda (as well as in other implementations), set the path 
environment variable to the directory where 'python.exe' is installed.

As a default, the python.exe file in anaconda is in:

c:\.....\anaconda

C:\>where python
C:\Anaconda3\python.exe
C:\Users\ana\AppData\Local\Programs\Python\Python37-32\python.exe
C:\Users\ana\AppData\Local\Microsoft\WindowsApps\python.exe

============================================================
https://www.datacamp.com/community/tutorials/installing-anaconda-windows

(sentim) D:\AATechReturners\Sentimentalists\Python>conda deactivate

(base) D:\AATechReturners\Sentimentalists\Python>where conda
C:\Anaconda3\Library\bin\conda.bat
C:\Anaconda3\Scripts\conda.exe
C:\Anaconda3\condabin\conda.bat

(base) D:\AATechReturners\Sentimentalists\Python>where python
C:\Anaconda3\python.exe
C:\Users\ana\AppData\Local\Programs\Python\Python37-32\python.exe
C:\Users\ana\AppData\Local\Microsoft\WindowsApps\python.exe

###(base) D:\AATechReturners\Sentimentalists\Python>conda activate sentim
###(sentim) D:\AATechReturners\Sentimentalists\Python>where conda
###C:\Anaconda3\condabin\conda.bat

===>>> USER VARIABLES / PATH ==>> INCLUDE 
C:\Anaconda3\envs\sentim         ====>>> PYTHON
C:\Anaconda3\envs\sentim\Scripts ====>>> PYTEST
C:\Anaconda3\Scripts             =====>>> CONDA

*****Open a new Command Prompt. 
Try typing conda --version and python --version into the Command Prompt to see if all well.
C:\Users\ana>python --version
Python 3.8.5

C:\Users\ana>conda --version
conda 4.8.5

C:\Users\ana>pytest --version
pytest 6.1.0

========================================================================================
========================================================================================
========================================================================================
========================================================================================


Adding GIT to path:

https://stackoverflow.com/questions/23113002/git-on-cmd-windows

Assuming Windows 7 is your OS: Go to Control Panel->System->Advanced System Options->
Advanced->Environment_Variables(button near bottom). 
You should see at least three variables there: PATH, TEMP, TMP Click on PATH, click edit.

Scroll to the end of whatever PATH variables are already set. Don't modify them. 
Add a semi-colon (";") to the end, and then type/copy-paste/whatever the exact path to the 
'bin' subdirectory of where you installed git. For example: "C:\Program Files (x86)\Git\bin\"

Apply the changes, and CMD should now run git commands.

This procedure is what you should do to get other commands to run directly in CMD terminal.

========================================================================================
===>>> FROM CMD:
----------------
D:\..\SentimentalistsApp-Backend>git status
On branch test_getBiasScore
Your branch is up to date with 'origin/test_getBiasScore'.

nothing to commit, working tree clean

D:\..\SentimentalistsApp-Backend>git checkout master
Switched to branch 'master'
Your branch is up to date with 'origin/master'.

D:\..\SentimentalistsApp-Backend>git status
On branch master
Your branch is up to date with 'origin/master'.

nothing to commit, working tree clean

